// Jest Snapshot v1, https://goo.gl/fbAQLP

exports[`ðŸ§ª TESTIMONIALS: style tests: should render with correct styles 1`] = `
.emotion-0 {
  background-image: linear-gradient(var(--color-overlay3), var(--color-overlay4)),url('/img/testimonial-bg.jpg');
  -webkit-background-size: cover;
  background-size: cover;
  background-attachment: fixed;
  text-align: center;
  color: var(--color-white);
}

@media only screen and (max-width: 480px) {
  .emotion-0 {
    padding: 0 10%;
  }
}

.emotion-0 h2 {
  font-size: 250%;
  margin-bottom: 20px;
  margin-top: 150px;
  text-transform: capitalize;
}

@media only screen and (max-width: 1200px) {
  .emotion-0 h2 {
    margin-top: 90px;
  }
}

@media only screen and (max-width: 768px) {
  .emotion-0 h2 {
    margin-top: 60px;
    margin-bottom: 10px;
  }
}

.emotion-1 {
  text-align: left;
  margin-bottom: 50px;
}

@media only screen and (max-width: 480px) {
  .emotion-1 {
    margin-bottom: 5px;
  }
}

.emotion-1 blockquote {
  padding: 2%;
  font-style: italic;
  line-height: 145%;
  position: relative;
  margin-top: 40px;
}

.emotion-1 blockquote::before {
  content: '\\201C';
  display: block;
  font-size: 500%;
  position: absolute;
  left: -5px;
  top: -5px;
}

.emotion-1 blockquote::first-letter {
  text-transform: capitalize;
}

.emotion-1 cite {
  display: block;
  margin-top: 25px;
  font-size: 90%;
  text-transform: capitalize;
}

.emotion-1 img {
  border-radius: 50%;
  height: 20%;
  vertical-align: middle;
  margin-right: 10px;
}

<section
  aria-labelledby=":r0:"
  className="emotion-0"
  id="testimonials"
>
  <div
    className="row "
    role="presentation"
  >
    <h2
      id=":r0:"
    >
      Our testimonials
    </h2>
  </div>
  <div
    className="row "
    role="presentation"
  >
    <div
      className="col span_1_of_3 "
      role="presentation"
    >
      <article
        aria-labelledby="c2f0fc36-aad3-4e98-9ff8-61a30257d41c"
        className="emotion-1"
      >
        <blockquote>
          Voluptates hic pariatur reiciendis minus vel labore dolorum.
        </blockquote>
        <cite>
          <img
            alt=""
            data-nimg="1"
            decoding="async"
            height={72}
            id="c2f0fc36-aad3-4e98-9ff8-61a30257d41c"
            loading="lazy"
            onError={[Function]}
            onLoad={[Function]}
            src="/_next/image?url=%2Fimg%2Fclient-1.jpg&w=256&q=75"
            srcSet="/_next/image?url=%2Fimg%2Fclient-1.jpg&w=96&q=75 1x, /_next/image?url=%2Fimg%2Fclient-1.jpg&w=256&q=75 2x"
            style={
              {
                "color": "transparent",
              }
            }
            width={72}
          />
          Herman Gibson
        </cite>
      </article>
    </div>
    <div
      className="col span_1_of_3 "
      role="presentation"
    >
      <article
        aria-labelledby="efc0be82-fe34-4df9-8821-cf195a75da1d"
        className="emotion-1"
      >
        <blockquote>
          Voluptates hic pariatur reiciendis minus vel labore dolorum.
        </blockquote>
        <cite>
          <img
            alt=""
            data-nimg="1"
            decoding="async"
            height={72}
            id="efc0be82-fe34-4df9-8821-cf195a75da1d"
            loading="lazy"
            onError={[Function]}
            onLoad={[Function]}
            src="/_next/image?url=%2Fimg%2Fclient-2.jpg&w=256&q=75"
            srcSet="/_next/image?url=%2Fimg%2Fclient-2.jpg&w=96&q=75 1x, /_next/image?url=%2Fimg%2Fclient-2.jpg&w=256&q=75 2x"
            style={
              {
                "color": "transparent",
              }
            }
            width={72}
          />
          Peter Kemmer
        </cite>
      </article>
    </div>
    <div
      className="col span_1_of_3 "
      role="presentation"
    >
      <article
        aria-labelledby="c679bf1c-1387-4aa0-9eec-ab2d28d79310"
        className="emotion-1"
      >
        <blockquote>
          Voluptates hic pariatur reiciendis minus vel labore dolorum.
        </blockquote>
        <cite>
          <img
            alt=""
            data-nimg="1"
            decoding="async"
            height={72}
            id="c679bf1c-1387-4aa0-9eec-ab2d28d79310"
            loading="lazy"
            onError={[Function]}
            onLoad={[Function]}
            src="/_next/image?url=%2Fimg%2Fclient-3.jpg&w=256&q=75"
            srcSet="/_next/image?url=%2Fimg%2Fclient-3.jpg&w=96&q=75 1x, /_next/image?url=%2Fimg%2Fclient-3.jpg&w=256&q=75 2x"
            style={
              {
                "color": "transparent",
              }
            }
            width={72}
          />
          Naomi Stoltenberg
        </cite>
      </article>
    </div>
  </div>
</section>
`;
