// Jest Snapshot v1, https://goo.gl/fbAQLP

exports[`ðŸ§ª <LogoItem /> test cases: style tests: should render with correct styles 1`] = `
.emotion-0 img {
  width: 65%;
  height: auto;
}

<div
  className="col span_1_of_4 emotion-0"
>
  <img
    alt="Brand Logo 1"
    data-nimg="1"
    decoding="async"
    height={40}
    loading="lazy"
    onError={[Function]}
    onLoad={[Function]}
    src="/_next/image?url=%2Fimg.jpg&w=96&q=75"
    srcSet="/_next/image?url=%2Fimg.jpg&w=48&q=75 1x, /_next/image?url=%2Fimg.jpg&w=96&q=75 2x"
    style={
      {
        "color": "transparent",
      }
    }
    width={40}
  />
</div>
`;
