// Jest Snapshot v1, https://goo.gl/fbAQLP

exports[`ðŸ§ª PACKAGE: style tests: should render with correct styles 1`] = `
.emotion-0 {
  background-color: var(--color-white);
  width: 90%;
  margin: 0 auto 30px;
  box-shadow: 0 3px 2px var(--color-shadow);
  text-align: left;
}

@media only screen and (max-width: 1024px) {
  .emotion-0 {
    width: 100%;
  }
}

@media only screen and (max-width: 480px) {
  .emotion-0 {
    width: 80%;
  }
}

.emotion-0 h3 {
  font-size: 150%;
  color: var(--color-grey);
  font-weight: 400;
  margin-bottom: 50px;
  text-transform: capitalize;
}

@media only screen and (max-width: 1024px) {
  .emotion-0 h3 {
    margin-bottom: 25px;
  }
}

.emotion-0 p:first-of-type {
  color: var(--color-primary);
  font-size: 300%;
  font-weight: 300;
  margin-bottom: 10px;
}

.emotion-0 p:first-of-type span {
  font-size: 30%;
  font-weight: 500;
}

.emotion-0 p:last-of-type {
  color: var(--color-grey);
  font-size: 80%;
  margin-bottom: 10px;
}

.emotion-0 ul li {
  color: var(--color-grey);
  padding: 5px 0;
}

.emotion-0 .section {
  padding: 15px;
  border-bottom: 1px solid var(--color-shadow);
}

.emotion-0 .section:first-of-type {
  background-color: var(--color-lighter);
}

.emotion-0 .section:last-of-type {
  border: 0;
  text-align: center;
}

.emotion-0 .icon {
  display: inline-block;
  margin-right: 10px;
}

.emotion-0 .btn {
  margin: 15px 0;
}

.emotion-1 {
  cursor: pointer;
  display: inline-block;
  -webkit-text-decoration: none;
  text-decoration: none;
  text-transform: capitalize;
  padding: 10px 30px;
  border-radius: 200px;
  font-weight: 500;
  outline: none;
  -webkit-transition: background-color 500ms;
  transition: background-color 500ms;
  border: 2px solid var(--color-primary);
  background-color: var(--color-primary);
  color: var(--color-white);
}

.emotion-1:hover {
  background-color: var(--color-dark-primary);
}

<article
  aria-labelledby="d7e645e0-e825-11ed-b24d-893619994521"
  className="emotion-0"
>
  <div
    className="section"
  >
    <h3
      id="d7e645e0-e825-11ed-b24d-893619994521"
    >
      starter
    </h3>
    <p>
      $699
       
      <span>
        3
         months
      </span>
    </p>
    <p>
      Ratione similique aut incidunt repellendus excepturi ut commodi laboriosam.
    </p>
  </div>
  <div
    className="section"
  >
    <ul>
      <li>
        <svg
          aria-hidden={true}
          className="icon"
          color="var(--color-primary)"
          fill="currentColor"
          height="1.2rem"
          role="img"
          viewBox="0 0 512 512"
          width="1.2rem"
        >
          <path
            d="M470.6 105.4c12.5 12.5 12.5 32.8 0 45.3l-256 256c-12.5 12.5-32.8 12.5-45.3 0l-128-128c-12.5-12.5-12.5-32.8 0-45.3s32.8-12.5 45.3 0L192 338.7l233.4-233.3c12.5-12.5 32.8-12.5 45.3 0z"
          />
        </svg>
        SEO, SMO and PPC
      </li>
      <li>
        <svg
          aria-hidden={true}
          className="icon"
          color="var(--color-primary)"
          fill="currentColor"
          height="1.2rem"
          role="img"
          viewBox="0 0 512 512"
          width="1.2rem"
        >
          <path
            d="M470.6 105.4c12.5 12.5 12.5 32.8 0 45.3l-256 256c-12.5 12.5-32.8 12.5-45.3 0l-128-128c-12.5-12.5-12.5-32.8 0-45.3s32.8-12.5 45.3 0L192 338.7l233.4-233.3c12.5-12.5 32.8-12.5 45.3 0z"
          />
        </svg>
        2 Blogs per month
      </li>
      <li>
        <svg
          aria-hidden={true}
          className="icon"
          color="var(--color-primary)"
          fill="currentColor"
          height="1.2rem"
          role="img"
          viewBox="0 0 512 512"
          width="1.2rem"
        >
          <path
            d="M470.6 105.4c12.5 12.5 12.5 32.8 0 45.3l-256 256c-12.5 12.5-32.8 12.5-45.3 0l-128-128c-12.5-12.5-12.5-32.8 0-45.3s32.8-12.5 45.3 0L192 338.7l233.4-233.3c12.5-12.5 32.8-12.5 45.3 0z"
          />
        </svg>
        Facebook & Twitter Marketing
      </li>
      <li>
        <svg
          aria-hidden={true}
          className="icon"
          color="var(--color-primary)"
          fill="currentColor"
          height="1.2rem"
          role="img"
          viewBox="0 0 512 512"
          width="1.2rem"
        >
          <path
            d="M470.6 105.4c12.5 12.5 12.5 32.8 0 45.3l-256 256c-12.5 12.5-32.8 12.5-45.3 0l-128-128c-12.5-12.5-12.5-32.8 0-45.3s32.8-12.5 45.3 0L192 338.7l233.4-233.3c12.5-12.5 32.8-12.5 45.3 0z"
          />
        </svg>
        Monthly Performance
      </li>
      <li>
        <svg
          aria-hidden={true}
          className="icon"
          color="var(--color-primary)"
          fill="currentColor"
          height="1.2rem"
          role="img"
          viewBox="0 0 512 512"
          width="1.2rem"
        >
          <path
            d="M470.6 105.4c12.5 12.5 12.5 32.8 0 45.3l-256 256c-12.5 12.5-32.8 12.5-45.3 0l-128-128c-12.5-12.5-12.5-32.8 0-45.3s32.8-12.5 45.3 0L192 338.7l233.4-233.3c12.5-12.5 32.8-12.5 45.3 0z"
          />
        </svg>
        Traffic Report
      </li>
    </ul>
  </div>
  <div
    className="section"
  >
    <button
      className="btn emotion-1"
      onClick={[Function]}
      type="button"
    >
      Sign up now
    </button>
  </div>
</article>
`;
