// Jest Snapshot v1, https://goo.gl/fbAQLP

exports[`ðŸ§ª QUOTE BOX: style tests: should render with correct styles 1`] = `
.emotion-0 {
  text-align: left;
  margin-bottom: 50px;
}

.emotion-0 blockquote {
  padding: 2%;
  font-style: italic;
  line-height: 145%;
  position: relative;
  margin-top: 40px;
}

.emotion-0 blockquote::before {
  content: '\\201C';
  display: block;
  font-size: 500%;
  position: absolute;
  left: -5px;
  top: -5px;
}

.emotion-0 cite {
  display: block;
  margin-top: 25px;
  font-size: 90%;
}

.emotion-0 cite img {
  border-radius: 50%;
  height: 20%;
  vertical-align: middle;
  margin-right: 10px;
}

<article
  className="col span_1_of_3 emotion-0"
>
  <blockquote>
    Lorem ipsum dolor, sit amet consectetur adipisicing elit. At, praesentium.
  </blockquote>
  <cite>
    <img
      alt="Aaron Cruz"
      data-nimg="1"
      decoding="async"
      height={40}
      loading="lazy"
      onError={[Function]}
      onLoad={[Function]}
      src="/_next/image?url=%2Fimg.jpg&w=96&q=75"
      srcSet="/_next/image?url=%2Fimg.jpg&w=48&q=75 1x, /_next/image?url=%2Fimg.jpg&w=96&q=75 2x"
      style={
        {
          "color": "transparent",
        }
      }
      width={40}
    />
    Aaron Cruz
  </cite>
</article>
`;
