// Jest Snapshot v1, https://goo.gl/fbAQLP

exports[`ðŸ§ª SERVICE: style tests: should render with correct styles 1`] = `
.emotion-0 {
  padding: 1% 1.5%;
}

.emotion-0 h4 {
  font-size: 150%;
  margin-bottom: 30px;
  font-weight: 400;
  text-transform: capitalize;
}

.emotion-0 p {
  color: var(--color-grey);
  font-size: 90%;
  margin-bottom: 20px;
}

.emotion-0 a:link,
.emotion-0 a:visited {
  color: var(--color-primary);
  text-transform: uppercase;
  -webkit-text-decoration: none;
  text-decoration: none;
  outline: none;
  -webkit-transition: opacity 200ms;
  transition: opacity 200ms;
}

.emotion-0 a:hover {
  opacity: 0.7;
}

.emotion-0 .icon {
  margin-bottom: 30px;
  color: var(--color-secondary);
}

<article
  aria-labelledby="99a36a03-7210-44c9-b031-f0e2acec54e5"
  className="animate__animated animate__fast emotion-0"
>
  <svg
    aria-hidden={true}
    className="icon"
    color="var(--color-primary)"
    fill="currentColor"
    height="3rem"
    role="img"
    viewBox="0 0 512 512"
    width="3rem"
  >
    <path
      d="M345 39.1l127.8 129.3c52.4 53 52.4 138.2 0 191.2l-112 113.3c-9.3 9.4-24.5 9.5-33.9.2s-9.5-24.5-.2-33.9l111.9-113.3c33.9-34.3 33.9-89.4 0-123.7L310.9 72.9c-9.3-9.4-9.2-24.6.2-33.9s24.6-9.2 33.9.2zM0 229.5V80c0-26.5 21.5-48 48-48h149.5c17 0 33.3 6.7 45.3 18.7l168 168c25 25 25 65.5 0 90.5L277.3 442.7c-25 25-65.5 25-90.5 0l-168-168C6.7 262.7 0 246.5 0 229.5zM144 144c0-17.7-14.3-32-32-32s-32 14.3-32 32 14.3 32 32 32 32-14.3 32-32z"
    />
  </svg>
  <h4
    id="99a36a03-7210-44c9-b031-f0e2acec54e5"
  >
    branding
  </h4>
  <p>
    Ipsam reiciendis eligendi est qui itaque.
  </p>
  <a
    href="#"
    onClick={[Function]}
    onMouseEnter={[Function]}
    onTouchStart={[Function]}
  >
    Read more
  </a>
</article>
`;
