// Jest Snapshot v1, https://goo.gl/fbAQLP

exports[`ðŸ§ª FORM: style tests: should render with correct styles 1`] = `
.emotion-0 {
  text-align: left;
  width: 60%;
  margin: 0 auto;
  color: var(--color-grey);
}

@media only screen and (max-width: 768px) {
  .emotion-0 {
    width: 70%;
  }
}

@media only screen and (max-width: 480px) {
  .emotion-0 {
    width: 90%;
  }
}

.emotion-0 label {
  -webkit-user-select: none;
  -moz-user-select: none;
  -ms-user-select: none;
  user-select: none;
}

@media only screen and (max-width: 480px) {
  .emotion-0 label {
    margin-top: 5px;
  }

  .emotion-0 label::after {
    content: ':';
  }
}

.emotion-0 .field {
  width: 95%;
  padding: 8px;
  border-radius: 3px;
  border: 1px solid #ccc;
  background-color: var(--color-white);
}

.emotion-0 .field::-webkit-input-placeholder {
  text-transform: capitalize;
  opacity: 0.7;
}

.emotion-0 .field::-moz-placeholder {
  text-transform: capitalize;
  opacity: 0.7;
}

.emotion-0 .field:-ms-input-placeholder {
  text-transform: capitalize;
  opacity: 0.7;
}

.emotion-0 .field::placeholder {
  text-transform: capitalize;
  opacity: 0.7;
}

.emotion-0 .field:is(textarea) {
  height: 100px;
  resize: none;
}

.emotion-0 .check {
  margin: 10px 5px 10px 0;
}

@media only screen and (max-width: 480px) {
  .emotion-0 .check {
    margin-top: 2px;
  }
}

.emotion-1 {
  cursor: pointer;
  display: inline-block;
  -webkit-text-decoration: none;
  text-decoration: none;
  text-transform: capitalize;
  padding: 10px 30px;
  border-radius: 200px;
  font-weight: 500;
  outline: none;
  -webkit-transition: background-color 500ms;
  transition: background-color 500ms;
  border: 2px solid var(--color-primary);
  background-color: var(--color-primary);
  color: var(--color-white);
}

.emotion-1:hover {
  background-color: var(--color-dark-primary);
}

.emotion-2 {
  text-align: center;
  color: var(--color-secondary);
  background-color: var(--color-light);
  border: 2px solid var(--color-primary);
  border-radius: 5px;
  padding: 2rem;
}

.emotion-2 h2 {
  margin: 0;
  color: var(--color-primary);
}

.emotion-2 .icon {
  display: block;
  margin: 10px auto;
  color: var(--color-secondary);
}

.emotion-2 .btn {
  margin-top: 10px;
}

.emotion-3 {
  cursor: pointer;
  display: inline-block;
  -webkit-text-decoration: none;
  text-decoration: none;
  text-transform: capitalize;
  padding: 10px 30px;
  border-radius: 200px;
  font-weight: 500;
  outline: none;
  -webkit-transition: background-color 500ms;
  transition: background-color 500ms;
  border: 2px solid var(--color-primary);
  background-color: transparent;
  color: var(--color-primary);
}

.emotion-3:hover {
  background-color: var(--color-primary);
  color: var(--color-white);
}

<form
  aria-label="Send a message"
  className="emotion-0"
  noValidate={true}
  onSubmit={[Function]}
>
  <div
    className="row "
    role="presentation"
  >
    <div
      className="col span_1_of_3 "
      role="presentation"
    >
      <label
        htmlFor="name"
      >
        Name
      </label>
    </div>
    <div
      className="col span_2_of_3 "
      role="presentation"
    >
      <input
        autoCorrect="off"
        className="field"
        id="name"
        name="name"
        onBlur={[Function]}
        onChange={[Function]}
        placeholder="your name"
        spellCheck={false}
        type="text"
      />
    </div>
  </div>
  <div
    className="row "
    role="presentation"
  >
    <div
      className="col span_1_of_3 "
      role="presentation"
    >
      <label
        htmlFor="email"
      >
        Email
      </label>
    </div>
    <div
      className="col span_2_of_3 "
      role="presentation"
    >
      <input
        className="field"
        id="email"
        name="email"
        onBlur={[Function]}
        onChange={[Function]}
        placeholder="your email"
        type="email"
      />
    </div>
  </div>
  <div
    className="row "
    role="presentation"
  >
    <div
      className="col span_1_of_3 "
      role="presentation"
    >
      <label
        htmlFor="newsletter"
      >
        Newsletter?
      </label>
    </div>
    <div
      className="col span_2_of_3 "
      role="presentation"
    >
      <input
        className="check"
        defaultChecked={true}
        id="newsletter"
        name="newsletter"
        onBlur={[Function]}
        onChange={[Function]}
        type="checkbox"
      />
      Yes, Please
    </div>
  </div>
  <div
    className="row "
    role="presentation"
  >
    <div
      className="col span_1_of_3 "
      role="presentation"
    >
      <label
        htmlFor="message"
      >
        Drop us a line
      </label>
    </div>
    <div
      className="col span_2_of_3 "
      role="presentation"
    >
      <textarea
        className="field"
        id="message"
        name="message"
        onBlur={[Function]}
        onChange={[Function]}
        placeholder="your message"
      />
    </div>
  </div>
  <div
    className="row "
    role="presentation"
  >
    <div
      className="col span_1_of_3 "
      role="presentation"
    />
    <div
      className="col span_2_of_3 "
      role="presentation"
    >
      <button
        className="emotion-1"
        type="submit"
      >
        Send it!
      </button>
    </div>
  </div>
  <dialog
    className="emotion-2"
  >
    <h2>
      Submitted successfully
    </h2>
    <svg
      aria-hidden="true"
      className="svg-inline--fa fa-envelope-circle-check fa-2x animate__animated animate__heartBeat animate__infinite icon"
      data-icon="envelope-circle-check"
      data-prefix="fas"
      focusable="false"
      role="img"
      style={{}}
      viewBox="0 0 640 512"
      xmlns="http://www.w3.org/2000/svg"
    >
      <path
        d="M48 64C21.5 64 0 85.5 0 112c0 15.1 7.1 29.3 19.2 38.4L236.8 313.6c11.4 8.5 27 8.5 38.4 0l57.4-43c23.9-59.8 79.7-103.3 146.3-109.8l13.9-10.4c12.1-9.1 19.2-23.3 19.2-38.4c0-26.5-21.5-48-48-48H48zM294.4 339.2c-22.8 17.1-54 17.1-76.8 0L0 176V384c0 35.3 28.7 64 64 64H360.2C335.1 417.6 320 378.5 320 336c0-5.6 .3-11.1 .8-16.6l-26.4 19.8zM640 336a144 144 0 1 0 -288 0 144 144 0 1 0 288 0zm-76.7-43.3c6.2 6.2 6.2 16.4 0 22.6l-72 72c-6.2 6.2-16.4 6.2-22.6 0l-40-40c-6.2-6.2-6.2-16.4 0-22.6s16.4-6.2 22.6 0L480 353.4l60.7-60.7c6.2-6.2 16.4-6.2 22.6 0z"
        fill="currentColor"
        style={{}}
      />
    </svg>
    <p />
    <p />
    <p>
      no
    </p>
    <p />
    <button
      className="btn emotion-3"
      onClick={[Function]}
      type="button"
    >
      ok
    </button>
  </dialog>
</form>
`;
