// Jest Snapshot v1, https://goo.gl/fbAQLP

exports[`ðŸ§ª WORK: style tests: should render with correct styles 1`] = `
.emotion-0 {
  background-color: var(--color-black);
  overflow: hidden;
}

.emotion-0 img {
  width: 100%;
  height: auto;
  opacity: 0.7;
  -webkit-transform: scale(1.15);
  -moz-transform: scale(1.15);
  -ms-transform: scale(1.15);
  transform: scale(1.15);
  -webkit-transition: -webkit-transform 500ms,opacity 500ms;
  transition: transform 500ms,opacity 500ms;
}

.emotion-0 img:hover {
  -webkit-transform: scale(1);
  -moz-transform: scale(1);
  -ms-transform: scale(1);
  transform: scale(1);
  opacity: 1;
}

.emotion-0 p {
  color: var(--color-white);
  text-transform: capitalize;
}

<figure
  aria-labelledby="0a6dd16e-0229-4898-a3b4-b6b8a2dd5e5a"
  className="emotion-0"
>
  <img
    alt="Online advertising"
    data-nimg="1"
    decoding="async"
    height={470}
    id="0a6dd16e-0229-4898-a3b4-b6b8a2dd5e5a"
    loading="lazy"
    onError={[Function]}
    onLoad={[Function]}
    src="/_next/image?url=%2Fimg%2Fonline-advertising.png&w=828&q=75"
    srcSet="/_next/image?url=%2Fimg%2Fonline-advertising.png&w=640&q=75 1x, /_next/image?url=%2Fimg%2Fonline-advertising.png&w=828&q=75 2x"
    style={
      {
        "color": "transparent",
      }
    }
    width={394}
  />
  <p>
    Online advertising
  </p>
</figure>
`;
