// Jest Snapshot v1, https://goo.gl/fbAQLP

exports[`ðŸ§ª SOCIAL LINK: style tests: should render with correct styles 1`] = `
.emotion-0 {
  margin-left: 20px;
}

.emotion-0 .icon {
  color: inherit;
}

<li
  className="emotion-0"
  id="bb690ae0-8c1b-428c-9113-6e22cfb5c44b"
>
  <a
    href="#"
    onClick={[Function]}
    onMouseEnter={[Function]}
    onTouchStart={[Function]}
    rel="noopener noreferrer"
    target="_blank"
    title="Facebook"
  >
    <svg
      aria-hidden={true}
      className="icon"
      color="var(--color-primary)"
      fill="currentColor"
      height="1.5rem"
      role="img"
      viewBox="0 0 320 512"
      width="1.5rem"
    >
      <path
        d="M279.14 288l14.22-92.66h-88.91v-60.13c0-25.35 12.42-50.06 52.24-50.06h40.42V6.26S260.43 0 225.36 0c-73.22 0-121.08 44.38-121.08 124.72v70.62H22.89V288h81.39v224h100.17V288z"
      />
    </svg>
  </a>
</li>
`;
