// Jest Snapshot v1, https://goo.gl/fbAQLP

exports[`ðŸ§ª HEADER: style tests: should render with correct styles 1`] = `
.emotion-0 {
  background-image: linear-gradient(var(--color-overlay1), var(--color-overlay2)),url('/img/header-img.jpg');
  -webkit-background-size: cover;
  background-size: cover;
  -webkit-background-position: center;
  background-position: center;
  height: 100vh;
  position: relative;
  color: var(--color-white);
  text-transform: capitalize;
}

.emotion-0 .header__box {
  position: absolute;
  top: 50%;
  left: 50%;
  -webkit-transform: translate(-50%, -50%);
  -moz-transform: translate(-50%, -50%);
  -ms-transform: translate(-50%, -50%);
  transform: translate(-50%, -50%);
  text-align: center;
}

.emotion-0 .header__titles {
  margin-bottom: 100px;
}

.emotion-0 .header__heading {
  font-size: 500%;
  font-weight: 400;
  margin-bottom: 20px;
}

.emotion-0 .header__subheading {
  font-size: 200%;
  font-weight: 400;
}

.emotion-1 .navbar__image {
  height: 120px;
  width: auto;
  float: left;
}

.emotion-1 .navbar__list {
  list-style: none;
  float: right;
  margin-top: 70px;
}

.emotion-1 .navbar__item {
  display: inline-block;
  margin-right: 40px;
}

.emotion-1 .navbar__link:link,
.emotion-1 .navbar__link:visited {
  -webkit-text-decoration: none;
  text-decoration: none;
  text-transform: uppercase;
  color: var(--color-white);
  outline: none;
  -webkit-transition: border-bottom 100ms;
  transition: border-bottom 100ms;
}

.emotion-1 .navbar__link:hover,
.emotion-1 .navbar__link:active {
  border-bottom: 2px solid var(--color-primary);
}

.emotion-2 {
  display: inline-block;
}

.emotion-2 .btn {
  cursor: pointer;
  -webkit-user-select: none;
  -moz-user-select: none;
  -ms-user-select: none;
  user-select: none;
  -webkit-text-decoration: none;
  text-decoration: none;
  text-transform: capitalize;
  padding: 10px 30px;
  border-radius: 200px;
  font-weight: 500;
  outline: none;
  -webkit-transition: background-color 500ms;
  transition: background-color 500ms;
  border: 2px solid var(--color-primary);
  background-color: var(--color-primary);
  color: var(--color-white);
}

.emotion-2 .btn:hover,
.emotion-2 .btn:active {
  background-color: var(--color-dark-primary);
}

<header
  className="emotion-0"
>
  <nav
    className="emotion-1"
  >
    <img
      alt="Digisolve logo"
      className="navbar__image"
      data-nimg="1"
      decoding="async"
      height={40}
      loading="lazy"
      onError={[Function]}
      onLoad={[Function]}
      src="/_next/image?url=%2Fimg.jpg&w=96&q=75"
      srcSet="/_next/image?url=%2Fimg.jpg&w=48&q=75 1x, /_next/image?url=%2Fimg.jpg&w=96&q=75 2x"
      style={
        {
          "color": "transparent",
        }
      }
      width={40}
    />
    <ul
      className="navbar__list"
    >
      <li
        className="navbar__item"
      >
        <a
          className="navbar__link"
          href="#"
          onClick={[Function]}
          onMouseEnter={[Function]}
          onTouchStart={[Function]}
        >
          Home
        </a>
      </li>
      <li
        className="navbar__item"
      >
        <a
          className="navbar__link"
          href="#"
          onClick={[Function]}
          onMouseEnter={[Function]}
          onTouchStart={[Function]}
        >
          Contact
        </a>
      </li>
      <li
        className="navbar__item"
      >
        <a
          className="navbar__link"
          href="#"
          onClick={[Function]}
          onMouseEnter={[Function]}
          onTouchStart={[Function]}
        >
          About
        </a>
      </li>
    </ul>
  </nav>
  <div
    className="header__box"
  >
    <div
      className="header__titles"
    >
      <h1
        className="header__heading"
      >
        Digital agency
      </h1>
      <h2
        className="header__subheading"
      >
        The one stop for all your digital solutions
      </h2>
    </div>
    <span
      className="emotion-2"
    >
      <a
        className="btn"
        href="#"
        onClick={[Function]}
        onMouseEnter={[Function]}
        onTouchStart={[Function]}
        role="button"
      >
        Get a quote today!
      </a>
    </span>
  </div>
</header>
`;
