// Jest Snapshot v1, https://goo.gl/fbAQLP

exports[`ðŸ§ª NAV LINK: style tests: should render with correct styles 1`] = `
.emotion-0 {
  margin-right: 20px;
}

.emotion-0 a:hover {
  opacity: 0.8;
}

<li
  className="emotion-0"
>
  <a
    href="#about"
    onClick={[Function]}
    onMouseEnter={[Function]}
    onTouchStart={[Function]}
  >
    About us
  </a>
</li>
`;
