// Jest Snapshot v1, https://goo.gl/fbAQLP

exports[`ðŸ§ª HEADER: style tests: should render with correct styles 1`] = `
.emotion-0 {
  background-image: linear-gradient(var(--color-overlay1), var(--color-overlay2)),url('img/header-img.jpg');
  -webkit-background-size: cover;
  background-size: cover;
  -webkit-background-position: center;
  background-position: center;
  height: 100vh;
  position: relative;
  color: var(--color-white);
  text-transform: capitalize;
}

.emotion-0 h1 {
  font-size: 500%;
  font-weight: 400;
  margin-bottom: 20px;
}

.emotion-0 h2 {
  font-size: 200%;
  font-weight: 400;
}

.emotion-0 img {
  height: 8.5rem;
  width: auto;
  float: left;
}

.emotion-0 ul {
  float: right;
  margin-top: 4.3rem;
}

.emotion-0 .box {
  position: absolute;
  top: 50%;
  left: 50%;
  -webkit-transform: translate(-50%, -50%);
  -moz-transform: translate(-50%, -50%);
  -ms-transform: translate(-50%, -50%);
  transform: translate(-50%, -50%);
  text-align: center;
}

.emotion-0 .titles {
  margin-bottom: 100px;
}

@media only screen and (max-width: 768px) {
  .emotion-0 .titles {
    margin-bottom: 50px;
  }
}

.emotion-1 {
  display: inline-block;
  margin-right: 40px;
}

.emotion-1 a:link,
.emotion-1 a:visited {
  -webkit-text-decoration: none;
  text-decoration: none;
  text-transform: uppercase;
  color: var(--color-white);
  outline: none;
  -webkit-transition: border-bottom 100ms;
  transition: border-bottom 100ms;
}

.emotion-1 a:hover,
.emotion-1 a:active {
  border-bottom: 2px solid var(--color-primary);
}

.emotion-4 {
  cursor: pointer;
  display: inline-block;
  -webkit-text-decoration: none;
  text-decoration: none;
  text-transform: capitalize;
  padding: 10px 30px;
  border-radius: 200px;
  font-weight: 500;
  outline: none;
  -webkit-transition: background-color 500ms;
  transition: background-color 500ms;
  border: 2px solid var(--color-primary);
  background-color: var(--color-primary);
  color: var(--color-white);
}

.emotion-4:hover {
  background-color: var(--color-dark-primary);
}

<header
  aria-labelledby=":r0:"
  className="emotion-0"
  id="home"
>
  <nav
    className="animate__animated animate__fast"
  >
    <img
      alt="Digisolve logo"
      data-nimg="1"
      decoding="async"
      height={216}
      loading="lazy"
      onError={[Function]}
      onLoad={[Function]}
      src="/_next/image?url=%2Fimg%2Fdigisolve-logo.png&w=640&q=75"
      srcSet="/_next/image?url=%2Fimg%2Fdigisolve-logo.png&w=256&q=75 1x, /_next/image?url=%2Fimg%2Fdigisolve-logo.png&w=640&q=75 2x"
      style={
        {
          "color": "transparent",
        }
      }
      width={216}
    />
    <ul>
      <li
        className="emotion-1"
        id="ca898ec0-e825-11ed-b24d-893619994521"
      >
        <a
          href="#home"
          onClick={[Function]}
          style={{}}
        >
          Home
        </a>
      </li>
      <li
        className="emotion-1"
        id="cd8d31d0-e825-11ed-b24d-893619994521"
      >
        <a
          href="#contact"
          onClick={[Function]}
          style={{}}
        >
          Contact
        </a>
      </li>
      <li
        className="emotion-1"
        id="d01cb650-e825-11ed-b24d-893619994521"
      >
        <a
          href="#about"
          onClick={[Function]}
          style={{}}
        >
          About
        </a>
      </li>
    </ul>
  </nav>
  <div
    className="box"
  >
    <div
      className="titles"
    >
      <h1
        id=":r0:"
      >
        Digital agency
      </h1>
      <h2>
        The one stop for all your digital solutions
      </h2>
    </div>
    <button
      className="emotion-4"
      onClick={[Function]}
      type="button"
    >
      Get a quote today!
    </button>
  </div>
</header>
`;
