// Jest Snapshot v1, https://goo.gl/fbAQLP

exports[`ðŸ§ª PACKAGE: style tests should render with correct styles 1`] = `
.emotion-0 .package {
  background-color: var(--color-white);
  width: 90%;
  margin: 0 auto 30px;
  box-shadow: 0 3px 2px var(--color-shadow);
  text-align: left;
}

.emotion-0 .package__section {
  padding: 15px;
  border-bottom: 1px solid var(--color-shadow);
}

.emotion-0 .package__section:first-of-type {
  background-color: var(--color-lighter);
}

.emotion-0 .package__section:last-of-type {
  border: 0;
  text-align: center;
}

.emotion-0 .package__section:last-of-type span {
  margin: 15px 0;
}

.emotion-0 .package__heading {
  font-size: 150%;
  color: var(--color-grey);
  font-weight: 400;
  margin-bottom: 50px;
  text-transform: capitalize;
}

.emotion-0 .package__paragraph:first-of-type {
  color: var(--color-primary);
  font-size: 300%;
  font-weight: 300;
  margin-bottom: 10px;
}

.emotion-0 .package__paragraph:first-of-type span {
  font-size: 30%;
  font-weight: 500;
}

.emotion-0 .package__paragraph:last-of-type {
  color: var(--color-grey);
  font-size: 80%;
  margin-bottom: 10px;
}

.emotion-0 .package__benefit--list {
  list-style: none;
}

.emotion-0 .package__benefit--item {
  color: var(--color-grey);
  padding: 5px 0;
}

.emotion-0 .package__benefit--icon {
  width: 1.2rem;
  height: 1.2rem;
  display: inline-block;
  margin-right: 10px;
  color: var(--color-primary);
}

.emotion-1 {
  display: inline-block;
}

.emotion-1 .btn {
  cursor: pointer;
  -webkit-user-select: none;
  -moz-user-select: none;
  -ms-user-select: none;
  user-select: none;
  -webkit-text-decoration: none;
  text-decoration: none;
  text-transform: capitalize;
  padding: 10px 30px;
  border-radius: 200px;
  font-weight: 500;
  outline: none;
  -webkit-transition: background-color 500ms;
  transition: background-color 500ms;
  border: 2px solid var(--color-primary);
  background-color: var(--color-primary);
  color: var(--color-white);
}

.emotion-1 .btn:hover,
.emotion-1 .btn:active {
  background-color: var(--color-dark-primary);
}

<article
  className="emotion-0"
>
  <div
    className="package"
  >
    <div
      className="package__section"
    >
      <h4
        className="package__heading"
      >
        starter
      </h4>
      <p
        className="package__paragraph"
      >
        $699
         
        <span>
          3
           months
        </span>
      </p>
      <p
        className="package__paragraph"
      >
        Lorem ipsum dolor sit amet consectetur adipisicing elit. Modi, sit nemo natus ad vero molestias?
      </p>
    </div>
    <div
      className="package__section"
    >
      <ul
        className="package__benefit--list"
      >
        <li
          className="package__benefit--item"
        >
          <svg
            aria-hidden="true"
            className="svg-inline--fa fa-check package__benefit--icon"
            data-icon="check"
            data-prefix="fas"
            focusable="false"
            role="img"
            style={{}}
            viewBox="0 0 512 512"
            xmlns="http://www.w3.org/2000/svg"
          >
            <path
              d="M470.6 105.4c12.5 12.5 12.5 32.8 0 45.3l-256 256c-12.5 12.5-32.8 12.5-45.3 0l-128-128c-12.5-12.5-12.5-32.8 0-45.3s32.8-12.5 45.3 0L192 338.7 425.4 105.4c12.5-12.5 32.8-12.5 45.3 0z"
              fill="currentColor"
              style={{}}
            />
          </svg>
          SEO, SMO and PPC
        </li>
        <li
          className="package__benefit--item"
        >
          <svg
            aria-hidden="true"
            className="svg-inline--fa fa-check package__benefit--icon"
            data-icon="check"
            data-prefix="fas"
            focusable="false"
            role="img"
            style={{}}
            viewBox="0 0 512 512"
            xmlns="http://www.w3.org/2000/svg"
          >
            <path
              d="M470.6 105.4c12.5 12.5 12.5 32.8 0 45.3l-256 256c-12.5 12.5-32.8 12.5-45.3 0l-128-128c-12.5-12.5-12.5-32.8 0-45.3s32.8-12.5 45.3 0L192 338.7 425.4 105.4c12.5-12.5 32.8-12.5 45.3 0z"
              fill="currentColor"
              style={{}}
            />
          </svg>
          2 Blogs per month
        </li>
        <li
          className="package__benefit--item"
        >
          <svg
            aria-hidden="true"
            className="svg-inline--fa fa-check package__benefit--icon"
            data-icon="check"
            data-prefix="fas"
            focusable="false"
            role="img"
            style={{}}
            viewBox="0 0 512 512"
            xmlns="http://www.w3.org/2000/svg"
          >
            <path
              d="M470.6 105.4c12.5 12.5 12.5 32.8 0 45.3l-256 256c-12.5 12.5-32.8 12.5-45.3 0l-128-128c-12.5-12.5-12.5-32.8 0-45.3s32.8-12.5 45.3 0L192 338.7 425.4 105.4c12.5-12.5 32.8-12.5 45.3 0z"
              fill="currentColor"
              style={{}}
            />
          </svg>
          Facebook & Twitter Marketing
        </li>
        <li
          className="package__benefit--item"
        >
          <svg
            aria-hidden="true"
            className="svg-inline--fa fa-check package__benefit--icon"
            data-icon="check"
            data-prefix="fas"
            focusable="false"
            role="img"
            style={{}}
            viewBox="0 0 512 512"
            xmlns="http://www.w3.org/2000/svg"
          >
            <path
              d="M470.6 105.4c12.5 12.5 12.5 32.8 0 45.3l-256 256c-12.5 12.5-32.8 12.5-45.3 0l-128-128c-12.5-12.5-12.5-32.8 0-45.3s32.8-12.5 45.3 0L192 338.7 425.4 105.4c12.5-12.5 32.8-12.5 45.3 0z"
              fill="currentColor"
              style={{}}
            />
          </svg>
          Monthly Performance
        </li>
        <li
          className="package__benefit--item"
        >
          <svg
            aria-hidden="true"
            className="svg-inline--fa fa-check package__benefit--icon"
            data-icon="check"
            data-prefix="fas"
            focusable="false"
            role="img"
            style={{}}
            viewBox="0 0 512 512"
            xmlns="http://www.w3.org/2000/svg"
          >
            <path
              d="M470.6 105.4c12.5 12.5 12.5 32.8 0 45.3l-256 256c-12.5 12.5-32.8 12.5-45.3 0l-128-128c-12.5-12.5-12.5-32.8 0-45.3s32.8-12.5 45.3 0L192 338.7 425.4 105.4c12.5-12.5 32.8-12.5 45.3 0z"
              fill="currentColor"
              style={{}}
            />
          </svg>
          Traffic Report
        </li>
      </ul>
    </div>
    <div
      className="package__section"
    >
      <span
        className="emotion-1"
      >
        <a
          className="btn"
          href="#"
          onClick={[Function]}
          onMouseEnter={[Function]}
          onTouchStart={[Function]}
          role="button"
        >
          Sign up now
        </a>
      </span>
    </div>
  </div>
</article>
`;
