// Jest Snapshot v1, https://goo.gl/fbAQLP

exports[`ðŸ§ª SERVICE: style tests: should render with correct styles 1`] = `
.emotion-0 {
  padding: 1% 1.5%;
}

.emotion-0 h4 {
  font-size: 150%;
  margin-bottom: 30px;
  font-weight: 400;
  text-transform: capitalize;
}

.emotion-0 p {
  color: var(--color-grey);
  font-size: 90%;
  margin-bottom: 20px;
}

.emotion-0 a {
  color: var(--color-primary);
  text-transform: uppercase;
  -webkit-text-decoration: none;
  text-decoration: none;
  outline: none;
  -webkit-transition: opacity 200ms;
  transition: opacity 200ms;
}

.emotion-0 a:hover {
  opacity: 0.7;
}

.emotion-0 .icon {
  width: 3rem;
  height: 3rem;
  margin-bottom: 30px;
  color: var(--color-secondary);
}

<article
  aria-labelledby=":r0:"
  className="emotion-0"
>
  <svg
    aria-labelledby="svg-inline--fa-title-0BVNzk8KKI6O"
    className="svg-inline--fa fa-tags icon"
    data-icon="tags"
    data-prefix="fas"
    role="img"
    style={{}}
    viewBox="0 0 512 512"
    xmlns="http://www.w3.org/2000/svg"
  >
    <title
      id="svg-inline--fa-title-0BVNzk8KKI6O"
      style={{}}
    >
      branding
    </title>
    <path
      d="M345 39.1L472.8 168.4c52.4 53 52.4 138.2 0 191.2L360.8 472.9c-9.3 9.4-24.5 9.5-33.9 .2s-9.5-24.5-.2-33.9L438.6 325.9c33.9-34.3 33.9-89.4 0-123.7L310.9 72.9c-9.3-9.4-9.2-24.6 .2-33.9s24.6-9.2 33.9 .2zM0 229.5V80C0 53.5 21.5 32 48 32H197.5c17 0 33.3 6.7 45.3 18.7l168 168c25 25 25 65.5 0 90.5L277.3 442.7c-25 25-65.5 25-90.5 0l-168-168C6.7 262.7 0 246.5 0 229.5zM144 144a32 32 0 1 0 -64 0 32 32 0 1 0 64 0z"
      fill="currentColor"
      style={{}}
    />
  </svg>
  <h4
    id=":r0:"
  >
    branding
  </h4>
  <p>
    Lorem ipsum dolor sit amet consectetur adipisicing elit. Rem, debitis illum expedita nulla quae consectetur.
  </p>
  <a
    href="#"
    onClick={[Function]}
    onMouseEnter={[Function]}
    onTouchStart={[Function]}
  >
    Read more
  </a>
</article>
`;
