// Jest Snapshot v1, https://goo.gl/fbAQLP

exports[`ðŸ§ª CONTACT: style tests: should render with correct styles 1`] = `
.emotion-0 {
  text-align: center;
}

.emotion-0 h2 {
  color: var(--color-black);
  margin-top: 150px;
  margin-bottom: 50px;
}

@media only screen and (max-width: 1200px) {
  .emotion-0 h2 {
    margin-top: 90px;
  }
}

@media only screen and (max-width: 768px) {
  .emotion-0 h2 {
    margin-top: 60px;
  }
}

.emotion-1 {
  text-align: left;
  width: 60%;
  margin: 0 auto;
  color: var(--color-grey);
}

@media only screen and (max-width: 768px) {
  .emotion-1 {
    width: 70%;
  }
}

@media only screen and (max-width: 480px) {
  .emotion-1 {
    width: 90%;
  }
}

.emotion-1 label {
  -webkit-user-select: none;
  -moz-user-select: none;
  -ms-user-select: none;
  user-select: none;
}

@media only screen and (max-width: 480px) {
  .emotion-1 label {
    margin-top: 5px;
  }

  .emotion-1 label::after {
    content: ':';
  }
}

.emotion-1 .field {
  width: 95%;
  padding: 8px;
  border-radius: 3px;
  border: 1px solid #ccc;
  background-color: var(--color-white);
}

.emotion-1 .field::-webkit-input-placeholder {
  text-transform: capitalize;
  opacity: 0.7;
}

.emotion-1 .field::-moz-placeholder {
  text-transform: capitalize;
  opacity: 0.7;
}

.emotion-1 .field:-ms-input-placeholder {
  text-transform: capitalize;
  opacity: 0.7;
}

.emotion-1 .field::placeholder {
  text-transform: capitalize;
  opacity: 0.7;
}

.emotion-1 .field:is(textarea) {
  height: 100px;
  resize: none;
}

.emotion-1 .check {
  margin: 10px 5px 10px 0;
}

@media only screen and (max-width: 480px) {
  .emotion-1 .check {
    margin-top: 2px;
  }
}

.emotion-1 .toast {
  text-align: center;
  color: var(--color-primary);
  background-color: var(--color-light);
}

.emotion-1 .icon {
  color: var(--color-secondary);
}

.emotion-2 {
  display: inline-block;
}

.emotion-2 input[type='submit'],
.emotion-2 a {
  cursor: pointer;
  -webkit-text-decoration: none;
  text-decoration: none;
  text-transform: capitalize;
  padding: 10px 30px;
  border-radius: 200px;
  font-weight: 500;
  outline: none;
  -webkit-transition: background-color 500ms;
  transition: background-color 500ms;
  border: 2px solid var(--color-primary);
  background-color: var(--color-primary);
  color: var(--color-white);
}

.emotion-2 input[type='submit']:hover,
.emotion-2 a:hover,
.emotion-2 input[type='submit']:active,
.emotion-2 a:active {
  background-color: var(--color-dark-primary);
}

<section
  aria-labelledby="contact_title"
  className="emotion-0"
  id="contact"
>
  <div
    className="row "
    role="presentation"
  >
    <h2
      id="contact_title"
    >
      We are happy to hear from you
    </h2>
  </div>
  <div
    className="row "
    role="presentation"
  >
    <form
      aria-label="Send a message"
      className="emotion-1"
      noValidate={true}
      onSubmit={[Function]}
    >
      <div
        className="row "
        role="presentation"
      >
        <div
          className="col span_1_of_3 "
          role="presentation"
        >
          <label
            htmlFor="name"
          >
            Name
          </label>
        </div>
        <div
          className="col span_2_of_3 "
          role="presentation"
        >
          <input
            autoCorrect="off"
            className="field"
            id="name"
            name="name"
            onBlur={[Function]}
            onChange={[Function]}
            placeholder="your name"
            spellCheck={false}
            type="text"
          />
        </div>
      </div>
      <div
        className="row "
        role="presentation"
      >
        <div
          className="col span_1_of_3 "
          role="presentation"
        >
          <label
            htmlFor="email"
          >
            Email
          </label>
        </div>
        <div
          className="col span_2_of_3 "
          role="presentation"
        >
          <input
            className="field"
            id="email"
            name="email"
            onBlur={[Function]}
            onChange={[Function]}
            placeholder="your email"
            type="email"
          />
        </div>
      </div>
      <div
        className="row "
        role="presentation"
      >
        <div
          className="col span_1_of_3 "
          role="presentation"
        >
          <label
            htmlFor="newsletter"
          >
            Newsletter?
          </label>
        </div>
        <div
          className="col span_2_of_3 "
          role="presentation"
        >
          <input
            className="check"
            defaultChecked={true}
            id="newsletter"
            name="newsletter"
            onBlur={[Function]}
            onChange={[Function]}
            type="checkbox"
          />
          Yes, Please
        </div>
      </div>
      <div
        className="row "
        role="presentation"
      >
        <div
          className="col span_1_of_3 "
          role="presentation"
        >
          <label
            htmlFor="message"
          >
            Drop us a line
          </label>
        </div>
        <div
          className="col span_2_of_3 "
          role="presentation"
        >
          <textarea
            className="field"
            id="message"
            name="message"
            onBlur={[Function]}
            onChange={[Function]}
            placeholder="your message"
          />
        </div>
      </div>
      <div
        className="row "
        role="presentation"
      >
        <div
          className="col span_1_of_3 "
          role="presentation"
        />
        <div
          className="col span_2_of_3 "
          role="presentation"
        >
          <span
            className="emotion-2"
          >
            <input
              type="submit"
              value="Send it!"
            />
          </span>
        </div>
      </div>
      <div
        onMouseEnter={[Function]}
        onMouseLeave={[Function]}
        style={
          {
            "bottom": 16,
            "left": 16,
            "pointerEvents": "none",
            "position": "fixed",
            "right": 16,
            "top": 16,
            "zIndex": 9999,
          }
        }
      />
    </form>
  </div>
</section>
`;
