// Jest Snapshot v1, https://goo.gl/fbAQLP

exports[`ðŸ§ª ABOUT: style tests: should render with correct styles 1`] = `
.emotion-0 {
  margin-top: 150px;
  padding-bottom: 20px;
}

.emotion-0 h2 {
  color: var(--color-black);
  text-transform: capitalize;
  font-size: 250%;
  font-weight: 500;
  margin-bottom: 50px;
}

.emotion-0 p {
  color: var(--color-grey);
  margin-bottom: 50px;
}

.emotion-0 img {
  width: 80%;
  height: auto;
}

.emotion-0 .span_1_of_2:first-of-type {
  text-align: left;
}

.emotion-0 .span_1_of_2:last-of-type {
  text-align: right;
}

.emotion-1 {
  display: inline-block;
}

.emotion-1 a:link,
.emotion-1 a:visited {
  -webkit-text-decoration: none;
  text-decoration: none;
  text-transform: capitalize;
  padding: 10px 30px;
  border-radius: 200px;
  font-weight: 500;
  outline: none;
  -webkit-transition: background-color 500ms;
  transition: background-color 500ms;
  border: 2px solid var(--color-primary);
  color: var(--color-primary);
}

.emotion-1 a:link:hover,
.emotion-1 a:visited:hover,
.emotion-1 a:link:active,
.emotion-1 a:visited:active {
  background-color: var(--color-primary);
  color: var(--color-white);
}

<section
  aria-labelledby="about_heading"
  className="emotion-0"
>
  <div
    className="row"
  >
    <div
      className="col span_1_of_2"
    >
      <h2
        id="about_heading"
      >
        A digital agency focused on growing your online presence
      </h2>
      <p>
        Lorem ipsum dolor sit amet consectetur adipisicing elit. Corporis totam molestiae quod vitae deserunt. Architecto fugiat veritatis cum necessitatibus sapiente!
      </p>
      <p>
        Lorem ipsum dolor sit amet consectetur adipisicing elit. Corporis totam molestiae quod vitae deserunt. Architecto fugiat veritatis cum necessitatibus sapiente!
      </p>
      <span
        className="emotion-1"
      >
        <a
          href="#"
          onClick={[Function]}
          onMouseEnter={[Function]}
          onTouchStart={[Function]}
          role="button"
        >
          Read more
        </a>
      </span>
    </div>
    <div
      className="col span_1_of_2"
    >
      <img
        alt="Digisolve app on Laptop"
        data-nimg="1"
        decoding="async"
        height={40}
        loading="lazy"
        onError={[Function]}
        onLoad={[Function]}
        src="/_next/image?url=%2Fimg.jpg&w=96&q=75"
        srcSet="/_next/image?url=%2Fimg.jpg&w=48&q=75 1x, /_next/image?url=%2Fimg.jpg&w=96&q=75 2x"
        style={
          {
            "color": "transparent",
          }
        }
        width={40}
      />
    </div>
  </div>
</section>
`;
