// Jest Snapshot v1, https://goo.gl/fbAQLP

exports[`ðŸ§ª TOAST: style tests: should render with correct styles 1`] = `
.emotion-0 {
  text-align: center;
  color: var(--color-secondary);
  background-color: var(--color-light);
  border: 2px solid var(--color-primary);
  border-radius: 5px;
  max-width: 60%;
}

@media only screen and (max-width: 480px) {
  .emotion-0 {
    max-width: 90%;
  }
}

.emotion-0 h2 {
  margin: 0;
  color: var(--color-primary);
}

.emotion-0 .content {
  padding: 2rem;
  display: -webkit-box;
  display: -webkit-flex;
  display: -ms-flexbox;
  display: flex;
  -webkit-flex-direction: column;
  -ms-flex-direction: column;
  flex-direction: column;
  -webkit-box-pack: center;
  -ms-flex-pack: center;
  -webkit-justify-content: center;
  justify-content: center;
  -webkit-align-items: center;
  -webkit-box-align: center;
  -ms-flex-align: center;
  align-items: center;
}

.emotion-0 .icon {
  color: inherit;
  margin: 10px auto;
}

.emotion-0 .btn {
  margin-top: 10px;
}

.emotion-1 {
  cursor: pointer;
  display: inline-block;
  -webkit-text-decoration: none;
  text-decoration: none;
  text-transform: capitalize;
  padding: 10px 30px;
  border-radius: 200px;
  font-weight: 500;
  outline: none;
  -webkit-transition: background-color 500ms;
  transition: background-color 500ms;
  border: 2px solid var(--color-primary);
  background-color: transparent;
  color: var(--color-primary);
}

.emotion-1:hover {
  background-color: var(--color-primary);
  color: var(--color-white);
}

<dialog
  className="emotion-0"
>
  <div
    className="content"
  >
    <h2>
      Submitted successfully
    </h2>
    <svg
      aria-hidden={true}
      className="animate__animated animate__heartBeat animate__infinite icon"
      color="var(--color-primary)"
      fill="currentColor"
      height="3rem"
      role="img"
      viewBox="0 0 640 512"
      width="3rem"
    >
      <path
        d="M48 64C21.5 64 0 85.5 0 112c0 15.1 7.1 29.3 19.2 38.4l217.6 163.2c11.4 8.5 27 8.5 38.4 0l57.4-43c23.9-59.8 79.7-103.3 146.3-109.8l13.9-10.4c12.1-9.1 19.2-23.3 19.2-38.4 0-26.5-21.5-48-48-48H48zm246.4 275.2a63.9 63.9 0 01-76.8 0L0 176v208c0 35.3 28.7 64 64 64h296.2c-25.1-30.4-40.2-69.5-40.2-112 0-5.6.3-11.1.8-16.6l-26.4 19.8zM640 336c0-79.5-64.5-144-144-144s-144 64.5-144 144 64.5 144 144 144 144-64.5 144-144zm-76.7-43.3c6.2 6.2 6.2 16.4 0 22.6l-72 72c-6.2 6.2-16.4 6.2-22.6 0l-40-40c-6.2-6.2-6.2-16.4 0-22.6s16.4-6.2 22.6 0l28.7 28.7 60.7-60.7c6.2-6.2 16.4-6.2 22.6 0z"
      />
    </svg>
    <p>
      Test
    </p>
    <button
      className="btn emotion-1"
      onClick={[Function]}
      type="button"
    >
      ok
    </button>
  </div>
</dialog>
`;
