// Jest Snapshot v1, https://goo.gl/fbAQLP

exports[`ðŸ§ª PARTNER: style tests: should render with correct styles 1`] = `
.emotion-0 img {
  width: 65%;
  height: auto;
}

<article
  aria-labelledby="473a9e41-bb65-4542-957d-62ed0bcfd039"
  className="emotion-0"
>
  <img
    alt="Partner"
    data-nimg="1"
    decoding="async"
    height={500}
    id="473a9e41-bb65-4542-957d-62ed0bcfd039"
    loading="lazy"
    onError={[Function]}
    onLoad={[Function]}
    src="/_next/image?url=%2Fimg%2Fbrand-logo-1.png&w=1080&q=75"
    srcSet="/_next/image?url=%2Fimg%2Fbrand-logo-1.png&w=640&q=75 1x, /_next/image?url=%2Fimg%2Fbrand-logo-1.png&w=1080&q=75 2x"
    style={
      {
        "color": "transparent",
      }
    }
    width={500}
  />
</article>
`;
