// Jest Snapshot v1, https://goo.gl/fbAQLP

exports[`ðŸ§ª <Navbar /> test cases: style tests: should render with correct styles 1`] = `
.emotion-0 img {
  height: 120px;
  width: auto;
  float: left;
}

.emotion-0 ul {
  list-style: none;
  float: right;
  margin-top: 70px;
}

.emotion-0 ul li {
  display: inline-block;
  margin-right: 40px;
}

.emotion-0 ul li a:link,
.emotion-0 ul li a:visited {
  -webkit-text-decoration: none;
  text-decoration: none;
  text-transform: uppercase;
  color: var(--color-white);
  outline: none;
  -webkit-transition: border-bottom 100ms;
  transition: border-bottom 100ms;
}

.emotion-0 ul li a:hover,
.emotion-0 ul li a:active {
  border-bottom: 2px solid var(--color-primary);
}

<nav
  className="emotion-0"
>
  <img
    alt="Digisolve logo"
    data-nimg="1"
    decoding="async"
    height={40}
    loading="lazy"
    onError={[Function]}
    onLoad={[Function]}
    src="/_next/image?url=%2Fimg.jpg&w=96&q=75"
    srcSet="/_next/image?url=%2Fimg.jpg&w=48&q=75 1x, /_next/image?url=%2Fimg.jpg&w=96&q=75 2x"
    style={
      {
        "color": "transparent",
      }
    }
    width={40}
  />
  <ul>
    <li>
      <a
        href="#"
        onClick={[Function]}
        onMouseEnter={[Function]}
        onTouchStart={[Function]}
      >
        Home
      </a>
    </li>
    <li>
      <a
        href="#"
        onClick={[Function]}
        onMouseEnter={[Function]}
        onTouchStart={[Function]}
      >
        Contact
      </a>
    </li>
    <li>
      <a
        href="#"
        onClick={[Function]}
        onMouseEnter={[Function]}
        onTouchStart={[Function]}
      >
        About
      </a>
    </li>
  </ul>
</nav>
`;
