// Jest Snapshot v1, https://goo.gl/fbAQLP

exports[`ðŸ§ª PARTNERS: style tests: should render with correct styles 1`] = `
.emotion-0 {
  text-align: center;
}

.emotion-1 img {
  width: 65%;
  height: auto;
}

<section
  aria-labelledby=":r0:"
  className="emotion-0"
>
  <div
    className="row "
    role="presentation"
  >
    <h2
      className="section__heading"
      id=":r0:"
    >
      Featured clients
    </h2>
    <h3
      className="section__subheading"
    >
      We've worked with some of the best companies in the world. Here are some of our Amazing Partners
    </h3>
  </div>
  <div
    className="row "
    role="presentation"
  >
    <div
      className="col span_1_of_4 xs_half"
      role="presentation"
    >
      <article
        aria-labelledby=":r1:"
        className="emotion-1"
      >
        <img
          alt="Partner"
          data-nimg="1"
          decoding="async"
          height={500}
          id=":r1:"
          loading="lazy"
          onError={[Function]}
          onLoad={[Function]}
          src="/_next/image?url=%2Fimg%2Fbrand-logo-1.png&w=1080&q=75"
          srcSet="/_next/image?url=%2Fimg%2Fbrand-logo-1.png&w=640&q=75 1x, /_next/image?url=%2Fimg%2Fbrand-logo-1.png&w=1080&q=75 2x"
          style={
            {
              "color": "transparent",
            }
          }
          width={500}
        />
      </article>
    </div>
    <div
      className="col span_1_of_4 xs_half"
      role="presentation"
    >
      <article
        aria-labelledby=":r2:"
        className="emotion-1"
      >
        <img
          alt="Partner"
          data-nimg="1"
          decoding="async"
          height={500}
          id=":r2:"
          loading="lazy"
          onError={[Function]}
          onLoad={[Function]}
          src="/_next/image?url=%2Fimg%2Fbrand-logo-2.png&w=1080&q=75"
          srcSet="/_next/image?url=%2Fimg%2Fbrand-logo-2.png&w=640&q=75 1x, /_next/image?url=%2Fimg%2Fbrand-logo-2.png&w=1080&q=75 2x"
          style={
            {
              "color": "transparent",
            }
          }
          width={500}
        />
      </article>
    </div>
    <div
      className="col span_1_of_4 xs_half"
      role="presentation"
    >
      <article
        aria-labelledby=":r3:"
        className="emotion-1"
      >
        <img
          alt="Partner"
          data-nimg="1"
          decoding="async"
          height={500}
          id=":r3:"
          loading="lazy"
          onError={[Function]}
          onLoad={[Function]}
          src="/_next/image?url=%2Fimg%2Fbrand-logo-3.png&w=1080&q=75"
          srcSet="/_next/image?url=%2Fimg%2Fbrand-logo-3.png&w=640&q=75 1x, /_next/image?url=%2Fimg%2Fbrand-logo-3.png&w=1080&q=75 2x"
          style={
            {
              "color": "transparent",
            }
          }
          width={500}
        />
      </article>
    </div>
    <div
      className="col span_1_of_4 xs_half"
      role="presentation"
    >
      <article
        aria-labelledby=":r4:"
        className="emotion-1"
      >
        <img
          alt="Partner"
          data-nimg="1"
          decoding="async"
          height={500}
          id=":r4:"
          loading="lazy"
          onError={[Function]}
          onLoad={[Function]}
          src="/_next/image?url=%2Fimg%2Fbrand-logo-4.png&w=1080&q=75"
          srcSet="/_next/image?url=%2Fimg%2Fbrand-logo-4.png&w=640&q=75 1x, /_next/image?url=%2Fimg%2Fbrand-logo-4.png&w=1080&q=75 2x"
          style={
            {
              "color": "transparent",
            }
          }
          width={500}
        />
      </article>
    </div>
  </div>
  <div
    className="row "
    role="presentation"
  >
    <div
      className="col span_1_of_4 xs_half"
      role="presentation"
    >
      <article
        aria-labelledby=":r5:"
        className="emotion-1"
      >
        <img
          alt="Partner"
          data-nimg="1"
          decoding="async"
          height={500}
          id=":r5:"
          loading="lazy"
          onError={[Function]}
          onLoad={[Function]}
          src="/_next/image?url=%2Fimg%2Fbrand-logo-5.png&w=1080&q=75"
          srcSet="/_next/image?url=%2Fimg%2Fbrand-logo-5.png&w=640&q=75 1x, /_next/image?url=%2Fimg%2Fbrand-logo-5.png&w=1080&q=75 2x"
          style={
            {
              "color": "transparent",
            }
          }
          width={500}
        />
      </article>
    </div>
    <div
      className="col span_1_of_4 xs_half"
      role="presentation"
    >
      <article
        aria-labelledby=":r6:"
        className="emotion-1"
      >
        <img
          alt="Partner"
          data-nimg="1"
          decoding="async"
          height={500}
          id=":r6:"
          loading="lazy"
          onError={[Function]}
          onLoad={[Function]}
          src="/_next/image?url=%2Fimg%2Fbrand-logo-6.png&w=1080&q=75"
          srcSet="/_next/image?url=%2Fimg%2Fbrand-logo-6.png&w=640&q=75 1x, /_next/image?url=%2Fimg%2Fbrand-logo-6.png&w=1080&q=75 2x"
          style={
            {
              "color": "transparent",
            }
          }
          width={500}
        />
      </article>
    </div>
    <div
      className="col span_1_of_4 xs_half"
      role="presentation"
    >
      <article
        aria-labelledby=":r7:"
        className="emotion-1"
      >
        <img
          alt="Partner"
          data-nimg="1"
          decoding="async"
          height={500}
          id=":r7:"
          loading="lazy"
          onError={[Function]}
          onLoad={[Function]}
          src="/_next/image?url=%2Fimg%2Fbrand-logo-7.png&w=1080&q=75"
          srcSet="/_next/image?url=%2Fimg%2Fbrand-logo-7.png&w=640&q=75 1x, /_next/image?url=%2Fimg%2Fbrand-logo-7.png&w=1080&q=75 2x"
          style={
            {
              "color": "transparent",
            }
          }
          width={500}
        />
      </article>
    </div>
    <div
      className="col span_1_of_4 xs_half"
      role="presentation"
    >
      <article
        aria-labelledby=":r8:"
        className="emotion-1"
      >
        <img
          alt="Partner"
          data-nimg="1"
          decoding="async"
          height={500}
          id=":r8:"
          loading="lazy"
          onError={[Function]}
          onLoad={[Function]}
          src="/_next/image?url=%2Fimg%2Fbrand-logo-8.png&w=1080&q=75"
          srcSet="/_next/image?url=%2Fimg%2Fbrand-logo-8.png&w=640&q=75 1x, /_next/image?url=%2Fimg%2Fbrand-logo-8.png&w=1080&q=75 2x"
          style={
            {
              "color": "transparent",
            }
          }
          width={500}
        />
      </article>
    </div>
  </div>
</section>
`;
