// Jest Snapshot v1, https://goo.gl/fbAQLP

exports[`ðŸ§ª PORTFOLIO: style tests: should render with correct styles 1`] = `
.emotion-0 {
  text-align: center;
  background: var(--color-light);
}

.emotion-0 ul {
  margin-top: 10px;
  width: 100%;
}

.emotion-0 ul li {
  display: block;
  width: 25%;
  float: left;
}

@media only screen and (max-width: 480px) {
  .emotion-0 ul li {
    width: 50%;
  }
}

.emotion-1 {
  background-color: var(--color-black);
  overflow: hidden;
}

.emotion-1 img {
  width: 100%;
  height: auto;
  opacity: 0.7;
  -webkit-transform: scale(1.15);
  -moz-transform: scale(1.15);
  -ms-transform: scale(1.15);
  transform: scale(1.15);
  -webkit-transition: -webkit-transform 500ms,opacity 500ms;
  transition: transform 500ms,opacity 500ms;
}

.emotion-1 img:hover {
  -webkit-transform: scale(1);
  -moz-transform: scale(1);
  -ms-transform: scale(1);
  transform: scale(1);
  opacity: 1;
}

.emotion-1 p {
  color: var(--color-white);
  text-transform: capitalize;
}

<section
  aria-labelledby=":r0:"
  className="emotion-0"
  id="portfolio"
>
  <div
    className="row "
    role="presentation"
  >
    <h2
      className="section__heading"
      id=":r0:"
    >
      Our Work
    </h2>
    <h3
      className="section__subheading"
    >
      Lorem ipsum dolor sit amet consectetur adipisicing elit. Omnis, ducimus.
    </h3>
  </div>
  <ul
    className="clear_fix"
  >
    <li>
      <figure
        aria-labelledby="0a6dd16e-0229-4898-a3b4-b6b8a2dd5e5a"
        className="emotion-1"
      >
        <img
          alt=""
          data-nimg="1"
          decoding="async"
          height={470}
          id="0a6dd16e-0229-4898-a3b4-b6b8a2dd5e5a"
          loading="lazy"
          onError={[Function]}
          onLoad={[Function]}
          src="/_next/image?url=%2Fimg%2Fonline-advertising.png&w=828&q=75"
          srcSet="/_next/image?url=%2Fimg%2Fonline-advertising.png&w=640&q=75 1x, /_next/image?url=%2Fimg%2Fonline-advertising.png&w=828&q=75 2x"
          style={
            {
              "color": "transparent",
            }
          }
          width={394}
        />
        <p>
          Online advertising
        </p>
      </figure>
    </li>
    <li>
      <figure
        aria-labelledby="35501350-65b2-47bc-95a8-97bc27d2e186"
        className="emotion-1"
      >
        <img
          alt=""
          data-nimg="1"
          decoding="async"
          height={470}
          id="35501350-65b2-47bc-95a8-97bc27d2e186"
          loading="lazy"
          onError={[Function]}
          onLoad={[Function]}
          src="/_next/image?url=%2Fimg%2Fsocial-media-campaigns.png&w=828&q=75"
          srcSet="/_next/image?url=%2Fimg%2Fsocial-media-campaigns.png&w=640&q=75 1x, /_next/image?url=%2Fimg%2Fsocial-media-campaigns.png&w=828&q=75 2x"
          style={
            {
              "color": "transparent",
            }
          }
          width={394}
        />
        <p>
          Social media campaigns
        </p>
      </figure>
    </li>
    <li>
      <figure
        aria-labelledby="26c86632-8302-4ba4-b316-0a810712efef"
        className="emotion-1"
      >
        <img
          alt=""
          data-nimg="1"
          decoding="async"
          height={470}
          id="26c86632-8302-4ba4-b316-0a810712efef"
          loading="lazy"
          onError={[Function]}
          onLoad={[Function]}
          src="/_next/image?url=%2Fimg%2Fux-design.png&w=828&q=75"
          srcSet="/_next/image?url=%2Fimg%2Fux-design.png&w=640&q=75 1x, /_next/image?url=%2Fimg%2Fux-design.png&w=828&q=75 2x"
          style={
            {
              "color": "transparent",
            }
          }
          width={394}
        />
        <p>
          UX design
        </p>
      </figure>
    </li>
    <li>
      <figure
        aria-labelledby="e333c170-6d2a-43e9-9720-0a1d50d9c3ba"
        className="emotion-1"
      >
        <img
          alt=""
          data-nimg="1"
          decoding="async"
          height={470}
          id="e333c170-6d2a-43e9-9720-0a1d50d9c3ba"
          loading="lazy"
          onError={[Function]}
          onLoad={[Function]}
          src="/_next/image?url=%2Fimg%2Fbranding-digital-marketing.png&w=828&q=75"
          srcSet="/_next/image?url=%2Fimg%2Fbranding-digital-marketing.png&w=640&q=75 1x, /_next/image?url=%2Fimg%2Fbranding-digital-marketing.png&w=828&q=75 2x"
          style={
            {
              "color": "transparent",
            }
          }
          width={394}
        />
        <p>
          Branding & digital marketing
        </p>
      </figure>
    </li>
  </ul>
</section>
`;
